###############################################################################
#
# IAR ELF Linker V9.10.1.308/W64 for ARM                  16/Aug/2023  17:52:40
# Copyright 2007-2021 IAR Systems AB.
#
#    Output file  =
#        C:\Users\yoeinhor\Downloads\SDK_2_8_2_EVK-MIMXRT685\boards\evkmimxrt685\demo_apps\hello_world\iar\release\hello_world.out
#    Map file     =
#        C:\Users\yoeinhor\Downloads\SDK_2_8_2_EVK-MIMXRT685\boards\evkmimxrt685\demo_apps\hello_world\iar\release\list\hello_world.map
#    Command line =
#        -f
#        C:\Users\yoeinhor\Downloads\SDK_2_8_2_EVK-MIMXRT685\boards\evkmimxrt685\demo_apps\hello_world\iar\release\list\hello_world.map.rsp
#        (C:\Users\yoeinhor\Downloads\SDK_2_8_2_EVK-MIMXRT685\boards\evkmimxrt685\demo_apps\hello_world\iar\release\obj\board\board.o
#        C:\Users\yoeinhor\Downloads\SDK_2_8_2_EVK-MIMXRT685\boards\evkmimxrt685\demo_apps\hello_world\iar\release\obj\board\clock_config.o
#        C:\Users\yoeinhor\Downloads\SDK_2_8_2_EVK-MIMXRT685\boards\evkmimxrt685\demo_apps\hello_world\iar\release\obj\flash_config\flash_config.o
#        C:\Users\yoeinhor\Downloads\SDK_2_8_2_EVK-MIMXRT685\boards\evkmimxrt685\demo_apps\hello_world\iar\release\obj\utilities\fsl_assert.o
#        C:\Users\yoeinhor\Downloads\SDK_2_8_2_EVK-MIMXRT685\boards\evkmimxrt685\demo_apps\hello_world\iar\release\obj\drivers\fsl_cache.o
#        C:\Users\yoeinhor\Downloads\SDK_2_8_2_EVK-MIMXRT685\boards\evkmimxrt685\demo_apps\hello_world\iar\release\obj\drivers\fsl_clock.o
#        C:\Users\yoeinhor\Downloads\SDK_2_8_2_EVK-MIMXRT685\boards\evkmimxrt685\demo_apps\hello_world\iar\release\obj\drivers\fsl_common.o
#        C:\Users\yoeinhor\Downloads\SDK_2_8_2_EVK-MIMXRT685\boards\evkmimxrt685\demo_apps\hello_world\iar\release\obj\utilities\fsl_debug_console.o
#        C:\Users\yoeinhor\Downloads\SDK_2_8_2_EVK-MIMXRT685\boards\evkmimxrt685\demo_apps\hello_world\iar\release\obj\drivers\fsl_flexcomm.o
#        C:\Users\yoeinhor\Downloads\SDK_2_8_2_EVK-MIMXRT685\boards\evkmimxrt685\demo_apps\hello_world\iar\release\obj\drivers\fsl_flexspi.o
#        C:\Users\yoeinhor\Downloads\SDK_2_8_2_EVK-MIMXRT685\boards\evkmimxrt685\demo_apps\hello_world\iar\release\obj\drivers\fsl_gpio.o
#        C:\Users\yoeinhor\Downloads\SDK_2_8_2_EVK-MIMXRT685\boards\evkmimxrt685\demo_apps\hello_world\iar\release\obj\drivers\fsl_power.o
#        C:\Users\yoeinhor\Downloads\SDK_2_8_2_EVK-MIMXRT685\boards\evkmimxrt685\demo_apps\hello_world\iar\release\obj\drivers\fsl_reset.o
#        C:\Users\yoeinhor\Downloads\SDK_2_8_2_EVK-MIMXRT685\boards\evkmimxrt685\demo_apps\hello_world\iar\release\obj\utilities\fsl_str.o
#        C:\Users\yoeinhor\Downloads\SDK_2_8_2_EVK-MIMXRT685\boards\evkmimxrt685\demo_apps\hello_world\iar\release\obj\drivers\fsl_usart.o
#        C:\Users\yoeinhor\Downloads\SDK_2_8_2_EVK-MIMXRT685\boards\evkmimxrt685\demo_apps\hello_world\iar\release\obj\component\lists\generic_list.o
#        C:\Users\yoeinhor\Downloads\SDK_2_8_2_EVK-MIMXRT685\boards\evkmimxrt685\demo_apps\hello_world\iar\release\obj\source\hello_world.o
#        C:\Users\yoeinhor\Downloads\SDK_2_8_2_EVK-MIMXRT685\boards\evkmimxrt685\demo_apps\hello_world\iar\release\obj\board\pin_mux.o
#        C:\Users\yoeinhor\Downloads\SDK_2_8_2_EVK-MIMXRT685\boards\evkmimxrt685\demo_apps\hello_world\iar\release\obj\component\serial_manager\serial_manager.o
#        C:\Users\yoeinhor\Downloads\SDK_2_8_2_EVK-MIMXRT685\boards\evkmimxrt685\demo_apps\hello_world\iar\release\obj\component\serial_manager\serial_port_uart.o
#        C:\Users\yoeinhor\Downloads\SDK_2_8_2_EVK-MIMXRT685\boards\evkmimxrt685\demo_apps\hello_world\iar\release\obj\startup\startup_MIMXRT685S_cm33.o
#        C:\Users\yoeinhor\Downloads\SDK_2_8_2_EVK-MIMXRT685\boards\evkmimxrt685\demo_apps\hello_world\iar\release\obj\device\system_MIMXRT685S_cm33.o
#        C:\Users\yoeinhor\Downloads\SDK_2_8_2_EVK-MIMXRT685\boards\evkmimxrt685\demo_apps\hello_world\iar\release\obj\component\uart\usart_adapter.o
#        --no_out_extension -o
#        C:\Users\yoeinhor\Downloads\SDK_2_8_2_EVK-MIMXRT685\boards\evkmimxrt685\demo_apps\hello_world\iar\release\hello_world.out
#        --map
#        C:\Users\yoeinhor\Downloads\SDK_2_8_2_EVK-MIMXRT685\boards\evkmimxrt685\demo_apps\hello_world\iar\release\list\hello_world.map
#        --config
#        C:\Users\yoeinhor\Downloads\SDK_2_8_2_EVK-MIMXRT685\boards\evkmimxrt685\demo_apps\hello_world\iar/MIMXRT685Sxxxx_cm33_ram.icf
#        C:\Users\yoeinhor\Downloads\SDK_2_8_2_EVK-MIMXRT685\boards\evkmimxrt685\demo_apps\hello_world\iar/../../../../../devices/MIMXRT685S/iar/iar_lib_power.a
#        --entry __iar_program_start --inline --vfe --text_out locale)
#
###############################################################################

*******************************************************************************
*** RUNTIME MODEL ATTRIBUTES
***

CppFlavor       = *
__Heap_Handler  = DLMalloc
__SystemLibrary = DLib
__dlib_version  = 6


*******************************************************************************
*** HEAP SELECTION
***

The advanced heap was selected because the application calls memory
allocation functions outside of system library functions, and there
are calls to deallocation functions in the application.


*******************************************************************************
*** PLACEMENT SUMMARY
***

"A0":  place at address 0x7'f400 { ro section .flash_conf };
"A1":  place at address 0x8'0000 { ro section .intvec };
define block RO { ro };
"P1":  place in [from 0x8'0000 to 0x8'012f] |
                [from 0x8'0130 to 0x17'ffff] { block RO };
"P2":  place in [from 0x2018'0000 to 0x201f'fbff] {
          section CodeQuickAccess, section DataQuickAccess };
define block RW { rw };
"P3":  place in [from 0x2018'0000 to 0x201f'fbff] { block RW };
define block ZI { zi };
"P4":  place in [from 0x2018'0000 to 0x201f'fbff] { block ZI };
define block CSTACK with size = 1K, alignment = 8 { };
"P6":  place in [from 0x201f'fc00 to 0x201f'ffff] { block CSTACK };
initialize by copy {
   rw, section .textrw, section CodeQuickAccess, section DataQuickAccess };
keep { section .flash_conf };

No sections matched the following patterns:

  section CodeQuickAccess  in "P2-P4"
  section m_usb_bdt        in "P7"
  section m_usb_global     in "P8"


  Section              Kind         Address    Size  Object
  -------              ----         -------    ----  ------
"A0":                                         0x200
  .flash_conf          const       0x7'f400   0x200  flash_config.o [7]
                                 - 0x7'f600   0x200

"A1":                                         0x130
  .intvec              ro code     0x8'0000   0x130  startup_MIMXRT685S_cm33.o [9]
                                 - 0x8'0130   0x130

"P1":                                        0x1ce0
  RO                               0x8'0130  0x1ce0  <Block>
    .rodata            const       0x8'0130    0x28  fsl_flexcomm.o [6]
    .text              ro code     0x8'0158   0x15c  board.o [1]
    .text              ro code     0x8'02b4   0x708  fsl_clock.o [6]
    .text              ro code     0x8'09bc   0x170  fsl_debug_console.o [10]
    .text              ro code     0x8'0b2c   0x230  I64DivMod.o [14]
    .text              ro code     0x8'0d5c    0x28  fsl_common.o [6]
    .text              ro code     0x8'0d84    0xb0  serial_manager.o [3]
    .text              ro code     0x8'0e34     0x6  ABImemclr4.o [14]
    .text              ro code     0x8'0e3a     0x2  startup_MIMXRT685S_cm33.o [9]
    .text              ro code     0x8'0e3c   0x258  fsl_str.o [10]
    .text              ro code     0x8'1094     0x2  I64DivZer.o [14]
    .text              ro code     0x8'1096     0x2  startup_MIMXRT685S_cm33.o [9]
    .text              ro code     0x8'1098     0x6  ABImemclr.o [14]
    .text              ro code     0x8'109e    0x42  serial_port_uart.o [3]
    .text              ro code     0x8'10e0    0x32  ABImemset48.o [14]
    .text              ro code     0x8'1112     0x2  startup_MIMXRT685S_cm33.o [9]
    .text              ro code     0x8'1114    0x36  strlen.o [14]
    .text              ro code     0x8'114a     0x2  startup_MIMXRT685S_cm33.o [9]
    .text              ro code     0x8'114c    0x5e  ABImemset.o [14]
    .text              ro code     0x8'11aa     0x2  startup_MIMXRT685S_cm33.o [9]
    .text              ro code     0x8'11ac    0xcc  usart_adapter.o [4]
    .text              ro code     0x8'1278   0x2b2  fsl_usart.o [6]
    .text              ro code     0x8'152a     0x2  startup_MIMXRT685S_cm33.o [9]
    .text              ro code     0x8'152c   0x1b4  fsl_flexcomm.o [6]
    .text              ro code     0x8'16e0    0xc8  fsl_reset.o [6]
    .text              ro code     0x8'17a8    0xf0  clock_config.o [1]
    .text              ro code     0x8'1898     0xc  fsl_power_lib.o [12]
    .text              ro code     0x8'18a4    0x14  fsl_flexspi.o [6]
    .text              ro code     0x8'18b8    0x34  hello_world.o [8]
    .text              ro code     0x8'18ec    0x18  pin_mux.o [1]
    .text              ro code     0x8'1904    0x34  startup_MIMXRT685S_cm33.o [9]
    .text              ro code     0x8'1938     0x8  startup_MIMXRT685S_cm33.o [9]
    .text              ro code     0x8'1940     0x8  startup_MIMXRT685S_cm33.o [9]
    .text              ro code     0x8'1948     0x8  startup_MIMXRT685S_cm33.o [9]
    .text              ro code     0x8'1950     0x8  startup_MIMXRT685S_cm33.o [9]
    .text              ro code     0x8'1958     0x8  startup_MIMXRT685S_cm33.o [9]
    .text              ro code     0x8'1960     0x8  startup_MIMXRT685S_cm33.o [9]
    .text              ro code     0x8'1968     0x8  startup_MIMXRT685S_cm33.o [9]
    .text              ro code     0x8'1970     0x8  startup_MIMXRT685S_cm33.o [9]
    .text              ro code     0x8'1978     0x8  startup_MIMXRT685S_cm33.o [9]
    .text              ro code     0x8'1980     0x8  startup_MIMXRT685S_cm33.o [9]
    .text              ro code     0x8'1988     0x8  startup_MIMXRT685S_cm33.o [9]
    .text              ro code     0x8'1990     0x8  startup_MIMXRT685S_cm33.o [9]
    .text              ro code     0x8'1998     0x8  startup_MIMXRT685S_cm33.o [9]
    .text              ro code     0x8'19a0     0x8  startup_MIMXRT685S_cm33.o [9]
    .text              ro code     0x8'19a8     0x8  startup_MIMXRT685S_cm33.o [9]
    .text              ro code     0x8'19b0     0x8  startup_MIMXRT685S_cm33.o [9]
    .text              ro code     0x8'19b8     0x8  startup_MIMXRT685S_cm33.o [9]
    .text              ro code     0x8'19c0     0x8  startup_MIMXRT685S_cm33.o [9]
    .text              ro code     0x8'19c8     0x8  startup_MIMXRT685S_cm33.o [9]
    .text              ro code     0x8'19d0     0x8  startup_MIMXRT685S_cm33.o [9]
    .text              ro code     0x8'19d8     0x8  startup_MIMXRT685S_cm33.o [9]
    .text              ro code     0x8'19e0     0x8  startup_MIMXRT685S_cm33.o [9]
    .text              ro code     0x8'19e8     0x8  startup_MIMXRT685S_cm33.o [9]
    .text              ro code     0x8'19f0     0x8  startup_MIMXRT685S_cm33.o [9]
    .text              ro code     0x8'19f8     0x8  startup_MIMXRT685S_cm33.o [9]
    .text              ro code     0x8'1a00     0x8  startup_MIMXRT685S_cm33.o [9]
    .text              ro code     0x8'1a08     0x8  startup_MIMXRT685S_cm33.o [9]
    .text              ro code     0x8'1a10     0x8  startup_MIMXRT685S_cm33.o [9]
    .text              ro code     0x8'1a18     0x8  startup_MIMXRT685S_cm33.o [9]
    .text              ro code     0x8'1a20     0x8  startup_MIMXRT685S_cm33.o [9]
    .text              ro code     0x8'1a28     0x8  startup_MIMXRT685S_cm33.o [9]
    .text              ro code     0x8'1a30     0x8  startup_MIMXRT685S_cm33.o [9]
    .text              ro code     0x8'1a38     0x8  startup_MIMXRT685S_cm33.o [9]
    .text              ro code     0x8'1a40     0x8  startup_MIMXRT685S_cm33.o [9]
    .text              ro code     0x8'1a48     0x8  startup_MIMXRT685S_cm33.o [9]
    .text              ro code     0x8'1a50     0x8  startup_MIMXRT685S_cm33.o [9]
    .text              ro code     0x8'1a58     0x8  startup_MIMXRT685S_cm33.o [9]
    .text              ro code     0x8'1a60     0x8  startup_MIMXRT685S_cm33.o [9]
    .text              ro code     0x8'1a68     0x8  startup_MIMXRT685S_cm33.o [9]
    .text              ro code     0x8'1a70     0x8  startup_MIMXRT685S_cm33.o [9]
    .text              ro code     0x8'1a78     0x8  startup_MIMXRT685S_cm33.o [9]
    .text              ro code     0x8'1a80     0x8  startup_MIMXRT685S_cm33.o [9]
    .text              ro code     0x8'1a88     0x8  startup_MIMXRT685S_cm33.o [9]
    .text              ro code     0x8'1a90     0x8  startup_MIMXRT685S_cm33.o [9]
    .text              ro code     0x8'1a98     0x8  startup_MIMXRT685S_cm33.o [9]
    .text              ro code     0x8'1aa0     0x8  startup_MIMXRT685S_cm33.o [9]
    .text              ro code     0x8'1aa8     0x8  startup_MIMXRT685S_cm33.o [9]
    .text              ro code     0x8'1ab0     0x8  startup_MIMXRT685S_cm33.o [9]
    .text              ro code     0x8'1ab8     0x8  startup_MIMXRT685S_cm33.o [9]
    .text              ro code     0x8'1ac0     0x8  startup_MIMXRT685S_cm33.o [9]
    .text              ro code     0x8'1ac8     0x8  startup_MIMXRT685S_cm33.o [9]
    .text              ro code     0x8'1ad0     0x8  startup_MIMXRT685S_cm33.o [9]
    .text              ro code     0x8'1ad8     0x8  startup_MIMXRT685S_cm33.o [9]
    .text              ro code     0x8'1ae0     0x8  startup_MIMXRT685S_cm33.o [9]
    .text              ro code     0x8'1ae8     0x8  startup_MIMXRT685S_cm33.o [9]
    .text              ro code     0x8'1af0     0x8  startup_MIMXRT685S_cm33.o [9]
    .text              ro code     0x8'1af8     0x8  startup_MIMXRT685S_cm33.o [9]
    .text              ro code     0x8'1b00     0x8  startup_MIMXRT685S_cm33.o [9]
    .text              ro code     0x8'1b08     0x8  startup_MIMXRT685S_cm33.o [9]
    .text              ro code     0x8'1b10     0xc  startup_MIMXRT685S_cm33.o [9]
    .text              ro code     0x8'1b1c    0x8c  system_MIMXRT685S_cm33.o [5]
    .text              ro code     0x8'1ba8     0x2  system_MIMXRT685S_cm33.o [5]
    .text              ro code     0x8'1baa     0x2  startup_MIMXRT685S_cm33.o [9]
    .text              ro code     0x8'1bac   0x12c  system_MIMXRT685S_cm33.o [5]
    .text              ro code     0x8'1cd8    0x1c  cstartup_M.o [14]
    .text              ro code     0x8'1cf4    0x22  fpinit_M.o [13]
    .text              ro code     0x8'1d16     0x2  startup_MIMXRT685S_cm33.o [9]
    .text              ro code     0x8'1d18    0x1e  cmain.o [14]
    .text              ro code     0x8'1d36     0x2  startup_MIMXRT685S_cm33.o [9]
    .text              ro code     0x8'1d38    0x28  data_init.o [14]
    .text              ro code     0x8'1d60     0x4  exit.o [11]
    .text              ro code     0x8'1d64     0xa  cexit.o [14]
    .text              ro code     0x8'1d6e     0x2  startup_MIMXRT685S_cm33.o [9]
    .text              ro code     0x8'1d70     0xc  XXexit.o [14]
    Initializer bytes  const       0x8'1d7c     0x4  <for RW-1>
    .text              ro code     0x8'1d80    0x38  zero_init3.o [14]
    .text              ro code     0x8'1db8    0x2a  copy_init3.o [14]
    .iar.init_table    const       0x8'1de4    0x2c  - Linker created -
    .rodata            const       0x8'1e10     0x0  zero_init3.o [14]
    .rodata            const       0x8'1e10     0x0  copy_init3.o [14]
                                 - 0x8'1e10  0x1ce0

"P2-P4", part 1 of 3:                           0x4
  RW                            0x2018'0000     0x4  <Block>
    RW-1                        0x2018'0000     0x4  <Init block>
      .data            inited   0x2018'0000     0x4  system_MIMXRT685S_cm33.o [5]
                              - 0x2018'0004     0x4

"P2-P4", part 2 of 3:                          0x84
  ZI                            0x2018'0004    0x84  <Block>
    .bss               zero     0x2018'0004     0x8  fsl_clock.o [6]
    .bss               zero     0x2018'000c     0x4  fsl_clock.o [6]
    .bss               zero     0x2018'0010    0x20  fsl_debug_console.o [10]
    .bss               zero     0x2018'0030    0x50  fsl_flexcomm.o [6]
    .bss               zero     0x2018'0080     0x8  fsl_flexspi.o [6]
                              - 0x2018'0088    0x84

"P2-P4", part 3 of 3:                           0x8
  DataQuickAccess      zero     0x2018'0088     0x8  fsl_power_lib.o [12]
                              - 0x2018'0090     0x8

"P6":                                         0x400
  CSTACK                        0x201f'fc00   0x400  <Block>
    CSTACK             uninit   0x201f'fc00   0x400  <Block tail>
                              - 0x2020'0000   0x400

Unused ranges:

         From           To      Size
         ----           --      ----
     0x8'1e10    0x17'ffff  0xf'e1f0
  0x2018'0090  0x201f'fbff  0x7'fb70


*******************************************************************************
*** INIT TABLE
***

          Address      Size
          -------      ----
Zero (__iar_zero_init3)
    2 destination ranges, total size 0x8c:
          0x2018'0004  0x84
          0x2018'0088   0x8

Copy (__iar_copy_init3)
    1 source range, total size 0x4:
             0x8'1d7c   0x4
    1 destination range, total size 0x4:
          0x2018'0000   0x4



*******************************************************************************
*** MODULE SUMMARY
***

    Module                     ro code  ro data  rw data
    ------                     -------  -------  -------
command line/config:
    ----------------------------------------------------
    Total:

C:\Users\yoeinhor\Downloads\SDK_2_8_2_EVK-MIMXRT685\boards\evkmimxrt685\demo_apps\hello_world\iar\release\obj\board: [1]
    board.o                        348
    clock_config.o                 240
    pin_mux.o                       24
    ----------------------------------------------------
    Total:                         612

C:\Users\yoeinhor\Downloads\SDK_2_8_2_EVK-MIMXRT685\boards\evkmimxrt685\demo_apps\hello_world\iar\release\obj\component\lists: [2]
    ----------------------------------------------------
    Total:

C:\Users\yoeinhor\Downloads\SDK_2_8_2_EVK-MIMXRT685\boards\evkmimxrt685\demo_apps\hello_world\iar\release\obj\component\serial_manager: [3]
    serial_manager.o               176
    serial_port_uart.o              66
    ----------------------------------------------------
    Total:                         242

C:\Users\yoeinhor\Downloads\SDK_2_8_2_EVK-MIMXRT685\boards\evkmimxrt685\demo_apps\hello_world\iar\release\obj\component\uart: [4]
    usart_adapter.o                204
    ----------------------------------------------------
    Total:                         204

C:\Users\yoeinhor\Downloads\SDK_2_8_2_EVK-MIMXRT685\boards\evkmimxrt685\demo_apps\hello_world\iar\release\obj\device: [5]
    system_MIMXRT685S_cm33.o       442        4        4
    ----------------------------------------------------
    Total:                         442        4        4

C:\Users\yoeinhor\Downloads\SDK_2_8_2_EVK-MIMXRT685\boards\evkmimxrt685\demo_apps\hello_world\iar\release\obj\drivers: [6]
    fsl_clock.o                  1'800                12
    fsl_common.o                    40
    fsl_flexcomm.o                 436       40       80
    fsl_flexspi.o                   20                 8
    fsl_reset.o                    200
    fsl_usart.o                    690
    ----------------------------------------------------
    Total:                       3'186       40      100

C:\Users\yoeinhor\Downloads\SDK_2_8_2_EVK-MIMXRT685\boards\evkmimxrt685\demo_apps\hello_world\iar\release\obj\flash_config: [7]
    flash_config.o                          512
    ----------------------------------------------------
    Total:                                  512

C:\Users\yoeinhor\Downloads\SDK_2_8_2_EVK-MIMXRT685\boards\evkmimxrt685\demo_apps\hello_world\iar\release\obj\source: [8]
    hello_world.o                   52
    ----------------------------------------------------
    Total:                          52

C:\Users\yoeinhor\Downloads\SDK_2_8_2_EVK-MIMXRT685\boards\evkmimxrt685\demo_apps\hello_world\iar\release\obj\startup: [9]
    startup_MIMXRT685S_cm33.o      860
    ----------------------------------------------------
    Total:                         860

C:\Users\yoeinhor\Downloads\SDK_2_8_2_EVK-MIMXRT685\boards\evkmimxrt685\demo_apps\hello_world\iar\release\obj\utilities: [10]
    fsl_debug_console.o            368                32
    fsl_str.o                      600
    ----------------------------------------------------
    Total:                         968                32

dl7M_tln.a: [11]
    exit.o                           4
    ----------------------------------------------------
    Total:                           4

iar_lib_power.a: [12]
    fsl_power_lib.o                 12                 8
    ----------------------------------------------------
    Total:                          12                 8

m7M_tls.a: [13]
    fpinit_M.o                      34
    ----------------------------------------------------
    Total:                          34

rt7M_tl.a: [14]
    ABImemclr.o                      6
    ABImemclr4.o                     6
    ABImemset.o                     94
    ABImemset48.o                   50
    I64DivMod.o                    560
    I64DivZer.o                      2
    XXexit.o                        12
    cexit.o                         10
    cmain.o                         30
    copy_init3.o                    42
    cstartup_M.o                    28
    data_init.o                     40
    strlen.o                        54
    zero_init3.o                    56
    ----------------------------------------------------
    Total:                         990

    Gaps                                      2
    Linker created                           44    1'024
--------------------------------------------------------
    Grand Total:                 7'606      602    1'168


*******************************************************************************
*** ENTRY LIST
***

Entry                       Address   Size  Type      Object
-----                       -------   ----  ----      ------
.iar.init_table$$Base      0x8'1de4          --   Gb  - Linker created -
.iar.init_table$$Limit     0x8'1e10          --   Gb  - Linker created -
?main                      0x8'1d19         Code  Gb  cmain.o [14]
BOARD_BootClockRUN         0x8'17a9   0xae  Code  Gb  clock_config.o [1]
BOARD_DeinitXip            0x8'0181   0x1a  Code  Gb  board.o [1]
BOARD_FlexspiClockSafeConfig
                           0x8'02a9    0x6  Code  Gb  board.o [1]
BOARD_InitDebugConsole     0x8'0159   0x28  Code  Gb  board.o [1]
BOARD_InitPins             0x8'18ed   0x12  Code  Gb  pin_mux.o [1]
BOARD_InitXip              0x8'019b   0x72  Code  Gb  board.o [1]
BOARD_SetFlexspiClock      0x8'020d   0x88  Code  Gb  board.o [1]
CLOCK_AttachClk            0x8'02d7   0x3a  Code  Gb  fsl_clock.o [6]
CLOCK_EnableFfroClk        0x8'06e9   0xa0  Code  Gb  fsl_clock.o [6]
CLOCK_EnableSfroClk        0x8'0795   0x32  Code  Gb  fsl_clock.o [6]
CLOCK_EnableSysOscClk      0x8'094b   0x22  Code  Gb  fsl_clock.o [6]
CLOCK_GetAudioPfdFreq      0x8'0489   0x5a  Code  Gb  fsl_clock.o [6]
CLOCK_GetAudioPllClkFreq
                           0x8'04ed    0xc  Code  Lc  fsl_clock.o [6]
CLOCK_GetAudioPllFreq      0x8'040b   0x7c  Code  Gb  fsl_clock.o [6]
CLOCK_GetFFroFreq          0x8'0345   0x22  Code  Gb  fsl_clock.o [6]
CLOCK_GetFRGClock          0x8'0575   0xaa  Code  Gb  fsl_clock.o [6]
CLOCK_GetFlexCommClkFreq
                           0x8'0621   0x5c  Code  Gb  fsl_clock.o [6]
CLOCK_GetMainClkFreq       0x8'0509   0x5c  Code  Gb  fsl_clock.o [6]
CLOCK_GetMainPllClkFreq
                           0x8'03e5   0x26  Code  Lc  fsl_clock.o [6]
CLOCK_GetSysPllFreq        0x8'0367   0x7e  Code  Gb  fsl_clock.o [6]
CLOCK_GetXtalInClkFreq     0x8'02b5   0x22  Code  Lc  fsl_clock.o [6]
CLOCK_InitAudioPfd         0x8'0913    0x4  Code  Gb  fsl_clock.o [6]
CLOCK_InitAudioPll         0x8'0851   0x72  Code  Gb  fsl_clock.o [6]
CLOCK_InitSysPfd           0x8'0841    0x6  Code  Gb  fsl_clock.o [6]
CLOCK_InitSysPll           0x8'07cd   0x74  Code  Gb  fsl_clock.o [6]
CLOCK_SetClkDiv            0x8'0311   0x34  Code  Gb  fsl_clock.o [6]
CLOCK_SetFRGClock          0x8'0691   0x4a  Code  Gb  fsl_clock.o [6]
CSTACK$$Base            0x201f'fc00          --   Gb  - Linker created -
CSTACK$$Limit           0x2020'0000          --   Gb  - Linker created -
ConvertRadixNumToString
                           0x8'0e61   0x76  Code  Lc  fsl_str.o [10]
DbgConsole_Getchar         0x8'0b09   0x14  Code  Gb  fsl_debug_console.o [10]
DbgConsole_Init            0x8'0a41   0x62  Code  Gb  fsl_debug_console.o [10]
DbgConsole_PrintCallback
                           0x8'0a01   0x40  Code  Lc  fsl_debug_console.o [10]
DbgConsole_Printf          0x8'0aa3   0x32  Code  Gb  fsl_debug_console.o [10]
DbgConsole_Putchar         0x8'0ad5   0x20  Code  Gb  fsl_debug_console.o [10]
DbgConsole_ReadCharacter
                           0x8'09e1   0x20  Code  Gb  fsl_debug_console.o [10]
DbgConsole_SendDataReliable
                           0x8'09bd   0x16  Code  Gb  fsl_debug_console.o [10]
DelayLoop                  0x8'0d5d    0xa  Code  Lc  fsl_common.o [6]
FLEXCOMM0_DriverIRQHandler
                           0x8'1607    0xa  Code  Gb  fsl_flexcomm.o [6]
FLEXCOMM14_DriverIRQHandler
                           0x8'1657    0x6  Code  Gb  fsl_flexcomm.o [6]
FLEXCOMM15_DriverIRQHandler
                           0x8'165d    0x4  Code  Gb  fsl_flexcomm.o [6]
FLEXCOMM1_DriverIRQHandler
                           0x8'1611    0xa  Code  Gb  fsl_flexcomm.o [6]
FLEXCOMM2_DriverIRQHandler
                           0x8'161b    0xa  Code  Gb  fsl_flexcomm.o [6]
FLEXCOMM3_DriverIRQHandler
                           0x8'1625    0xa  Code  Gb  fsl_flexcomm.o [6]
FLEXCOMM4_DriverIRQHandler
                           0x8'162f    0xa  Code  Gb  fsl_flexcomm.o [6]
FLEXCOMM5_DriverIRQHandler
                           0x8'1639    0xa  Code  Gb  fsl_flexcomm.o [6]
FLEXCOMM6_DriverIRQHandler
                           0x8'1643    0xa  Code  Gb  fsl_flexcomm.o [6]
FLEXCOMM7_DriverIRQHandler
                           0x8'164d    0xa  Code  Gb  fsl_flexcomm.o [6]
FLEXCOMM_GetInstance       0x8'152d   0x1e  Code  Gb  fsl_flexcomm.o [6]
FLEXCOMM_Init              0x8'154d   0xba  Code  Gb  fsl_flexcomm.o [6]
FLEXSPI_DriverIRQHandler
                           0x8'18a5    0xa  Code  Gb  fsl_flexspi.o [6]
HAL_UartInit               0x8'11ad   0x80  Code  Gb  usart_adapter.o [4]
HAL_UartReceiveBlocking
                           0x8'122d   0x16  Code  Gb  usart_adapter.o [4]
HAL_UartSendBlocking       0x8'1245   0x12  Code  Gb  usart_adapter.o [4]
POWER_UpdateOscSettlingTime
                           0x8'1899    0x6  Code  Gb  fsl_power_lib.o [12]
PrintOutputdifFobpu        0x8'0e3d   0x24  Code  Lc  fsl_str.o [10]
RESET_ClearPeripheralReset
                           0x8'1735   0x42  Code  Gb  fsl_reset.o [6]
RESET_PeripheralReset      0x8'1799   0x10  Code  Gb  fsl_reset.o [6]
RESET_SetPeripheralReset
                           0x8'16e1   0x3e  Code  Gb  fsl_reset.o [6]
RO$$Base                   0x8'0130          --   Gb  - Linker created -
RO$$Limit                  0x8'1e10          --   Gb  - Linker created -
RW$$Base                0x2018'0000          --   Gb  - Linker created -
RW$$Limit               0x2018'0004          --   Gb  - Linker created -
Region$$Table$$Base        0x8'1de4          --   Gb  - Linker created -
Region$$Table$$Limit       0x8'1e10          --   Gb  - Linker created -
SDK_DelayAtLeastUs         0x8'0d67   0x1a  Code  Gb  fsl_common.o [6]
SerialManager_Init         0x8'0d85   0x2a  Code  Gb  serial_manager.o [3]
SerialManager_OpenReadHandle
                           0x8'0dcf   0x28  Code  Gb  serial_manager.o [3]
SerialManager_OpenWriteHandle
                           0x8'0daf   0x20  Code  Gb  serial_manager.o [3]
SerialManager_ReadBlocking
                           0x8'0e19   0x1c  Code  Gb  serial_manager.o [3]
SerialManager_WriteBlocking
                           0x8'0dfd   0x1c  Code  Gb  serial_manager.o [3]
Serial_UartInit            0x8'109f   0x3a  Code  Gb  serial_port_uart.o [3]
Serial_UartRead            0x8'10dd    0x4  Code  Gb  serial_port_uart.o [3]
Serial_UartWrite           0x8'10d9    0x4  Code  Gb  serial_port_uart.o [3]
StrFormatPrintf            0x8'0ed7  0x1ba  Code  Gb  fsl_str.o [10]
SystemCoreClock         0x2018'0000    0x4  Data  Gb  system_MIMXRT685S_cm33.o [5]
SystemCoreClockUpdate      0x8'1bad  0x12c  Code  Gb  system_MIMXRT685S_cm33.o [5]
SystemInit                 0x8'1b1d   0x8c  Code  Gb  system_MIMXRT685S_cm33.o [5]
SystemInitHook             0x8'1ba9    0x2  Code  Gb  system_MIMXRT685S_cm33.o [5]
USART_GetDefaultConfig     0x8'1399   0x2e  Code  Gb  fsl_usart.o [6]
USART_Init                 0x8'1279  0x120  Code  Gb  fsl_usart.o [6]
USART_ReadBlocking         0x8'1495   0x8c  Code  Gb  fsl_usart.o [6]
USART_SetBaudRate          0x8'13c7   0x96  Code  Gb  fsl_usart.o [6]
USART_WriteBlocking        0x8'145d   0x38  Code  Gb  fsl_usart.o [6]
ZI$$Base                0x2018'0004          --   Gb  - Linker created -
ZI$$Limit               0x2018'0088          --   Gb  - Linker created -
__RAM_VECTOR_TABLE_SIZE {Abs}
                                0x0         Data  Gb  <internal module>
__VECTOR_RAM {Abs}         0x8'0000         Data  Gb  <internal module>
__VECTOR_TABLE {Abs}       0x8'0000         Data  Gb  <internal module>
__Vectors                  0x8'0000          --   Gb  startup_MIMXRT685S_cm33.o [9]
__Vectors_End              0x8'0130         Data  Gb  startup_MIMXRT685S_cm33.o [9]
__Vectors_Size {Abs}          0x130          --   Gb  startup_MIMXRT685S_cm33.o [9]
__aeabi_ldiv0              0x8'1095         Code  Gb  I64DivZer.o [14]
__aeabi_memclr             0x8'1099         Code  Gb  ABImemclr.o [14]
__aeabi_memclr4            0x8'0e35         Code  Gb  ABImemclr4.o [14]
__aeabi_uldivmod           0x8'0b2d         Code  Gb  I64DivMod.o [14]
__cmain                    0x8'1d19         Code  Gb  cmain.o [14]
__exit                     0x8'1d71         Code  Gb  XXexit.o [14]
__iar_Memset4_word         0x8'10e1         Code  Gb  ABImemset48.o [14]
__iar_Memset8_word         0x8'10e1         Code  Gb  ABImemset48.o [14]
__iar_Memset_word          0x8'114d         Code  Gb  ABImemset.o [14]
__iar_copy_init3           0x8'1db9   0x2a  Code  Gb  copy_init3.o [14]
__iar_data_init3           0x8'1d39   0x28  Code  Gb  data_init.o [14]
__iar_init_vfp             0x8'1cf5         Code  Gb  fpinit_M.o [13]
__iar_program_start        0x8'1cd9         Code  Gb  cstartup_M.o [14]
__iar_zero_init3           0x8'1d81   0x38  Code  Gb  zero_init3.o [14]
__vector_table             0x8'0000         Data  Gb  startup_MIMXRT685S_cm33.o [9]
__vector_table_0x1c        0x8'001c         Data  Gb  startup_MIMXRT685S_cm33.o [9]
_call_main                 0x8'1d25         Code  Gb  cmain.o [14]
_exit                      0x8'1d65         Code  Gb  cexit.o [14]
exit                       0x8'1d61    0x4  Code  Gb  exit.o [11]
flexspi_config             0x7'f400  0x200  Data  Gb  flash_config.o [7]
g_audioPllConfig_BOARD_BootClockRUN
                           0x8'1888   0x10  Data  Gb  clock_config.o [1]
g_clkinFreq             0x2018'0008    0x4  Data  Gb  fsl_clock.o [6]
g_mclkFreq              0x2018'000c    0x4  Data  Gb  fsl_clock.o [6]
g_serialHandle          0x2018'002c    0x4  Data  Gb  fsl_debug_console.o [10]
g_sysPllConfig_BOARD_BootClockRUN
                           0x8'1878   0x10  Data  Gb  clock_config.o [1]
g_xtalFreq              0x2018'0004    0x4  Data  Gb  fsl_clock.o [6]
main                       0x8'18b9   0x22  Code  Gb  hello_world.o [8]
oscSettlingTime         0x2018'0088    0x4  Data  Lc  fsl_power_lib.o [12]
pmicVddcoreRecoveryTime
                        0x2018'008c    0x4  Data  Lc  fsl_power_lib.o [12]
s_UsartAdapterBase         0x8'1258   0x20  Data  Lc  usart_adapter.o [4]
s_debugConsoleState     0x2018'0010   0x1c  Data  Lc  fsl_debug_console.o [10]
s_flexcommBaseAddrs        0x8'0130   0x28  Data  Lc  fsl_flexcomm.o [6]
s_flexcommClocks           0x8'16b8   0x14  Data  Lc  fsl_flexcomm.o [6]
s_flexcommHandle        0x2018'0058   0x28  Data  Lc  fsl_flexcomm.o [6]
s_flexcommIrqHandler    0x2018'0030   0x28  Data  Lc  fsl_flexcomm.o [6]
s_flexcommResets           0x8'16cc   0x14  Data  Lc  fsl_flexcomm.o [6]
s_flexspiHandle         0x2018'0080    0x4  Data  Lc  fsl_flexspi.o [6]
s_flexspiIsr            0x2018'0084    0x4  Data  Lc  fsl_flexspi.o [6]
strlen                     0x8'1115         Code  Gb  strlen.o [14]


[1] = C:\Users\yoeinhor\Downloads\SDK_2_8_2_EVK-MIMXRT685\boards\evkmimxrt685\demo_apps\hello_world\iar\release\obj\board
[2] = C:\Users\yoeinhor\Downloads\SDK_2_8_2_EVK-MIMXRT685\boards\evkmimxrt685\demo_apps\hello_world\iar\release\obj\component\lists
[3] = C:\Users\yoeinhor\Downloads\SDK_2_8_2_EVK-MIMXRT685\boards\evkmimxrt685\demo_apps\hello_world\iar\release\obj\component\serial_manager
[4] = C:\Users\yoeinhor\Downloads\SDK_2_8_2_EVK-MIMXRT685\boards\evkmimxrt685\demo_apps\hello_world\iar\release\obj\component\uart
[5] = C:\Users\yoeinhor\Downloads\SDK_2_8_2_EVK-MIMXRT685\boards\evkmimxrt685\demo_apps\hello_world\iar\release\obj\device
[6] = C:\Users\yoeinhor\Downloads\SDK_2_8_2_EVK-MIMXRT685\boards\evkmimxrt685\demo_apps\hello_world\iar\release\obj\drivers
[7] = C:\Users\yoeinhor\Downloads\SDK_2_8_2_EVK-MIMXRT685\boards\evkmimxrt685\demo_apps\hello_world\iar\release\obj\flash_config
[8] = C:\Users\yoeinhor\Downloads\SDK_2_8_2_EVK-MIMXRT685\boards\evkmimxrt685\demo_apps\hello_world\iar\release\obj\source
[9] = C:\Users\yoeinhor\Downloads\SDK_2_8_2_EVK-MIMXRT685\boards\evkmimxrt685\demo_apps\hello_world\iar\release\obj\startup
[10] = C:\Users\yoeinhor\Downloads\SDK_2_8_2_EVK-MIMXRT685\boards\evkmimxrt685\demo_apps\hello_world\iar\release\obj\utilities
[11] = dl7M_tln.a
[12] = iar_lib_power.a
[13] = m7M_tls.a
[14] = rt7M_tl.a

  7'606 bytes of readonly  code memory
    602 bytes of readonly  data memory
  1'168 bytes of readwrite data memory

Errors: none
Warnings: none
